ERROR - 2026-09-04 00:45:04 --> Error connecting to the database: mysqli_sql_exception: Access denied for user ''@'localhost' (using password: NO) in /home/vismrit/Downloads/lex_factum_ci4_clean_installer/lex_factum_ci4_installer/lex_factum_ci4/vendor/codeigniter4/framework/system/Database/MySQLi/Connection.php:201
Stack trace:
#0 /home/vismrit/Downloads/lex_factum_ci4_clean_installer/lex_factum_ci4_installer/lex_factum_ci4/vendor/codeigniter4/framework/system/Database/MySQLi/Connection.php(201): mysqli->real_connect()
#1 /home/vismrit/Downloads/lex_factum_ci4_clean_installer/lex_factum_ci4_installer/lex_factum_ci4/vendor/codeigniter4/framework/system/Database/BaseConnection.php(555): CodeIgniter\Database\MySQLi\Connection->connect()
#2 /home/vismrit/Downloads/lex_factum_ci4_clean_installer/lex_factum_ci4_installer/lex_factum_ci4/vendor/codeigniter4/framework/system/Database/BaseConnection.php(795): CodeIgniter\Database\BaseConnection->initialize()
#3 /home/vismrit/Downloads/lex_factum_ci4_clean_installer/lex_factum_ci4_installer/lex_factum_ci4/vendor/codeigniter4/framework/system/Database/BaseConnection.php(1706): CodeIgniter\Database\BaseConnection->query()
#4 /home/vismrit/Downloads/lex_factum_ci4_clean_installer/lex_factum_ci4_installer/lex_factum_ci4/vendor/codeigniter4/framework/system/Database/BaseConnection.php(1726): CodeIgniter\Database\BaseConnection->listTables()
#5 /home/vismrit/Downloads/lex_factum_ci4_clean_installer/lex_factum_ci4_installer/lex_factum_ci4/vendor/codeigniter4/framework/system/Database/MigrationRunner.php(821): CodeIgniter\Database\BaseConnection->tableExists()
#6 /home/vismrit/Downloads/lex_factum_ci4_clean_installer/lex_factum_ci4_installer/lex_factum_ci4/vendor/codeigniter4/framework/system/Database/MigrationRunner.php(173): CodeIgniter\Database\MigrationRunner->ensureTable()
#7 /home/vismrit/Downloads/lex_factum_ci4_clean_installer/lex_factum_ci4_installer/lex_factum_ci4/vendor/codeigniter4/framework/system/Commands/Database/Migrate.php(89): CodeIgniter\Database\MigrationRunner->latest()
#8 /home/vismrit/Downloads/lex_factum_ci4_clean_installer/lex_factum_ci4_installer/lex_factum_ci4/vendor/codeigniter4/framework/system/CLI/SignalTrait.php(245): CodeIgniter\Commands\Database\Migrate::{closure:CodeIgniter\Commands\Database\Migrate::run():88}()
#9 /home/vismrit/Downloads/lex_factum_ci4_clean_installer/lex_factum_ci4_installer/lex_factum_ci4/vendor/codeigniter4/framework/system/Commands/Database/Migrate.php(88): CodeIgniter\Commands\Database\Migrate->withSignalsBlocked()
#10 /home/vismrit/Downloads/lex_factum_ci4_clean_installer/lex_factum_ci4_installer/lex_factum_ci4/vendor/codeigniter4/framework/system/CLI/Commands.php(72): CodeIgniter\Commands\Database\Migrate->run()
#11 /home/vismrit/Downloads/lex_factum_ci4_clean_installer/lex_factum_ci4_installer/lex_factum_ci4/vendor/codeigniter4/framework/system/CLI/Console.php(47): CodeIgniter\CLI\Commands->run()
#12 /home/vismrit/Downloads/lex_factum_ci4_clean_installer/lex_factum_ci4_installer/lex_factum_ci4/vendor/codeigniter4/framework/system/Boot.php(444): CodeIgniter\CLI\Console->run()
#13 /home/vismrit/Downloads/lex_factum_ci4_clean_installer/lex_factum_ci4_installer/lex_factum_ci4/vendor/codeigniter4/framework/system/Boot.php(166): CodeIgniter\Boot::runCommand()
#14 /home/vismrit/Downloads/lex_factum_ci4_clean_installer/lex_factum_ci4_installer/lex_factum_ci4/spark(87): CodeIgniter\Boot::bootSpark()
#15 {main}

Next CodeIgniter\Database\Exceptions\DatabaseException: Access denied for user ''@'localhost' (using password: NO) in /home/vismrit/Downloads/lex_factum_ci4_clean_installer/lex_factum_ci4_installer/lex_factum_ci4/vendor/codeigniter4/framework/system/Database/MySQLi/Connection.php:231
Stack trace:
#0 /home/vismrit/Downloads/lex_factum_ci4_clean_installer/lex_factum_ci4_installer/lex_factum_ci4/vendor/codeigniter4/framework/system/Database/BaseConnection.php(555): CodeIgniter\Database\MySQLi\Connection->connect()
#1 /home/vismrit/Downloads/lex_factum_ci4_clean_installer/lex_factum_ci4_installer/lex_factum_ci4/vendor/codeigniter4/framework/system/Database/BaseConnection.php(795): CodeIgniter\Database\BaseConnection->initialize()
#2 /home/vismrit/Downloads/lex_factum_ci4_clean_installer/lex_factum_ci4_installer/lex_factum_ci4/vendor/codeigniter4/framework/system/Database/BaseConnection.php(1706): CodeIgniter\Database\BaseConnection->query()
#3 /home/vismrit/Downloads/lex_factum_ci4_clean_installer/lex_factum_ci4_installer/lex_factum_ci4/vendor/codeigniter4/framework/system/Database/BaseConnection.php(1726): CodeIgniter\Database\BaseConnection->listTables()
#4 /home/vismrit/Downloads/lex_factum_ci4_clean_installer/lex_factum_ci4_installer/lex_factum_ci4/vendor/codeigniter4/framework/system/Database/MigrationRunner.php(821): CodeIgniter\Database\BaseConnection->tableExists()
#5 /home/vismrit/Downloads/lex_factum_ci4_clean_installer/lex_factum_ci4_installer/lex_factum_ci4/vendor/codeigniter4/framework/system/Database/MigrationRunner.php(173): CodeIgniter\Database\MigrationRunner->ensureTable()
#6 /home/vismrit/Downloads/lex_factum_ci4_clean_installer/lex_factum_ci4_installer/lex_factum_ci4/vendor/codeigniter4/framework/system/Commands/Database/Migrate.php(89): CodeIgniter\Database\MigrationRunner->latest()
#7 /home/vismrit/Downloads/lex_factum_ci4_clean_installer/lex_factum_ci4_installer/lex_factum_ci4/vendor/codeigniter4/framework/system/CLI/SignalTrait.php(245): CodeIgniter\Commands\Database\Migrate::{closure:CodeIgniter\Commands\Database\Migrate::run():88}()
#8 /home/vismrit/Downloads/lex_factum_ci4_clean_installer/lex_factum_ci4_installer/lex_factum_ci4/vendor/codeigniter4/framework/system/Commands/Database/Migrate.php(88): CodeIgniter\Commands\Database\Migrate->withSignalsBlocked()
#9 /home/vismrit/Downloads/lex_factum_ci4_clean_installer/lex_factum_ci4_installer/lex_factum_ci4/vendor/codeigniter4/framework/system/CLI/Commands.php(72): CodeIgniter\Commands\Database\Migrate->run()
#10 /home/vismrit/Downloads/lex_factum_ci4_clean_installer/lex_factum_ci4_installer/lex_factum_ci4/vendor/codeigniter4/framework/system/CLI/Console.php(47): CodeIgniter\CLI\Commands->run()
#11 /home/vismrit/Downloads/lex_factum_ci4_clean_installer/lex_factum_ci4_installer/lex_factum_ci4/vendor/codeigniter4/framework/system/Boot.php(444): CodeIgniter\CLI\Console->run()
#12 /home/vismrit/Downloads/lex_factum_ci4_clean_installer/lex_factum_ci4_installer/lex_factum_ci4/vendor/codeigniter4/framework/system/Boot.php(166): CodeIgniter\Boot::runCommand()
#13 /home/vismrit/Downloads/lex_factum_ci4_clean_installer/lex_factum_ci4_installer/lex_factum_ci4/spark(87): CodeIgniter\Boot::bootSpark()
#14 {main}
ERROR - 2026-09-04 00:47:20 --> Error connecting to the database: mysqli_sql_exception: Access denied for user ''@'localhost' (using password: NO) in /home/vismrit/Downloads/lex_factum_ci4_clean_installer/lex_factum_ci4_installer/lex_factum_ci4/vendor/codeigniter4/framework/system/Database/MySQLi/Connection.php:201
Stack trace:
#0 /home/vismrit/Downloads/lex_factum_ci4_clean_installer/lex_factum_ci4_installer/lex_factum_ci4/vendor/codeigniter4/framework/system/Database/MySQLi/Connection.php(201): mysqli->real_connect()
#1 /home/vismrit/Downloads/lex_factum_ci4_clean_installer/lex_factum_ci4_installer/lex_factum_ci4/vendor/codeigniter4/framework/system/Database/BaseConnection.php(555): CodeIgniter\Database\MySQLi\Connection->connect()
#2 /home/vismrit/Downloads/lex_factum_ci4_clean_installer/lex_factum_ci4_installer/lex_factum_ci4/vendor/codeigniter4/framework/system/Database/BaseConnection.php(795): CodeIgniter\Database\BaseConnection->initialize()
#3 /home/vismrit/Downloads/lex_factum_ci4_clean_installer/lex_factum_ci4_installer/lex_factum_ci4/vendor/codeigniter4/framework/system/Database/BaseConnection.php(1706): CodeIgniter\Database\BaseConnection->query()
#4 /home/vismrit/Downloads/lex_factum_ci4_clean_installer/lex_factum_ci4_installer/lex_factum_ci4/vendor/codeigniter4/framework/system/Database/BaseConnection.php(1726): CodeIgniter\Database\BaseConnection->listTables()
#5 /home/vismrit/Downloads/lex_factum_ci4_clean_installer/lex_factum_ci4_installer/lex_factum_ci4/vendor/codeigniter4/framework/system/Database/MigrationRunner.php(821): CodeIgniter\Database\BaseConnection->tableExists()
#6 /home/vismrit/Downloads/lex_factum_ci4_clean_installer/lex_factum_ci4_installer/lex_factum_ci4/vendor/codeigniter4/framework/system/Database/MigrationRunner.php(173): CodeIgniter\Database\MigrationRunner->ensureTable()
#7 /home/vismrit/Downloads/lex_factum_ci4_clean_installer/lex_factum_ci4_installer/lex_factum_ci4/vendor/codeigniter4/framework/system/Commands/Database/Migrate.php(89): CodeIgniter\Database\MigrationRunner->latest()
#8 /home/vismrit/Downloads/lex_factum_ci4_clean_installer/lex_factum_ci4_installer/lex_factum_ci4/vendor/codeigniter4/framework/system/CLI/SignalTrait.php(245): CodeIgniter\Commands\Database\Migrate::{closure:CodeIgniter\Commands\Database\Migrate::run():88}()
#9 /home/vismrit/Downloads/lex_factum_ci4_clean_installer/lex_factum_ci4_installer/lex_factum_ci4/vendor/codeigniter4/framework/system/Commands/Database/Migrate.php(88): CodeIgniter\Commands\Database\Migrate->withSignalsBlocked()
#10 /home/vismrit/Downloads/lex_factum_ci4_clean_installer/lex_factum_ci4_installer/lex_factum_ci4/vendor/codeigniter4/framework/system/CLI/Commands.php(72): CodeIgniter\Commands\Database\Migrate->run()
#11 /home/vismrit/Downloads/lex_factum_ci4_clean_installer/lex_factum_ci4_installer/lex_factum_ci4/vendor/codeigniter4/framework/system/CLI/Console.php(47): CodeIgniter\CLI\Commands->run()
#12 /home/vismrit/Downloads/lex_factum_ci4_clean_installer/lex_factum_ci4_installer/lex_factum_ci4/vendor/codeigniter4/framework/system/Boot.php(444): CodeIgniter\CLI\Console->run()
#13 /home/vismrit/Downloads/lex_factum_ci4_clean_installer/lex_factum_ci4_installer/lex_factum_ci4/vendor/codeigniter4/framework/system/Boot.php(166): CodeIgniter\Boot::runCommand()
#14 /home/vismrit/Downloads/lex_factum_ci4_clean_installer/lex_factum_ci4_installer/lex_factum_ci4/spark(87): CodeIgniter\Boot::bootSpark()
#15 {main}

Next CodeIgniter\Database\Exceptions\DatabaseException: Access denied for user ''@'localhost' (using password: NO) in /home/vismrit/Downloads/lex_factum_ci4_clean_installer/lex_factum_ci4_installer/lex_factum_ci4/vendor/codeigniter4/framework/system/Database/MySQLi/Connection.php:231
Stack trace:
#0 /home/vismrit/Downloads/lex_factum_ci4_clean_installer/lex_factum_ci4_installer/lex_factum_ci4/vendor/codeigniter4/framework/system/Database/BaseConnection.php(555): CodeIgniter\Database\MySQLi\Connection->connect()
#1 /home/vismrit/Downloads/lex_factum_ci4_clean_installer/lex_factum_ci4_installer/lex_factum_ci4/vendor/codeigniter4/framework/system/Database/BaseConnection.php(795): CodeIgniter\Database\BaseConnection->initialize()
#2 /home/vismrit/Downloads/lex_factum_ci4_clean_installer/lex_factum_ci4_installer/lex_factum_ci4/vendor/codeigniter4/framework/system/Database/BaseConnection.php(1706): CodeIgniter\Database\BaseConnection->query()
#3 /home/vismrit/Downloads/lex_factum_ci4_clean_installer/lex_factum_ci4_installer/lex_factum_ci4/vendor/codeigniter4/framework/system/Database/BaseConnection.php(1726): CodeIgniter\Database\BaseConnection->listTables()
#4 /home/vismrit/Downloads/lex_factum_ci4_clean_installer/lex_factum_ci4_installer/lex_factum_ci4/vendor/codeigniter4/framework/system/Database/MigrationRunner.php(821): CodeIgniter\Database\BaseConnection->tableExists()
#5 /home/vismrit/Downloads/lex_factum_ci4_clean_installer/lex_factum_ci4_installer/lex_factum_ci4/vendor/codeigniter4/framework/system/Database/MigrationRunner.php(173): CodeIgniter\Database\MigrationRunner->ensureTable()
#6 /home/vismrit/Downloads/lex_factum_ci4_clean_installer/lex_factum_ci4_installer/lex_factum_ci4/vendor/codeigniter4/framework/system/Commands/Database/Migrate.php(89): CodeIgniter\Database\MigrationRunner->latest()
#7 /home/vismrit/Downloads/lex_factum_ci4_clean_installer/lex_factum_ci4_installer/lex_factum_ci4/vendor/codeigniter4/framework/system/CLI/SignalTrait.php(245): CodeIgniter\Commands\Database\Migrate::{closure:CodeIgniter\Commands\Database\Migrate::run():88}()
#8 /home/vismrit/Downloads/lex_factum_ci4_clean_installer/lex_factum_ci4_installer/lex_factum_ci4/vendor/codeigniter4/framework/system/Commands/Database/Migrate.php(88): CodeIgniter\Commands\Database\Migrate->withSignalsBlocked()
#9 /home/vismrit/Downloads/lex_factum_ci4_clean_installer/lex_factum_ci4_installer/lex_factum_ci4/vendor/codeigniter4/framework/system/CLI/Commands.php(72): CodeIgniter\Commands\Database\Migrate->run()
#10 /home/vismrit/Downloads/lex_factum_ci4_clean_installer/lex_factum_ci4_installer/lex_factum_ci4/vendor/codeigniter4/framework/system/CLI/Console.php(47): CodeIgniter\CLI\Commands->run()
#11 /home/vismrit/Downloads/lex_factum_ci4_clean_installer/lex_factum_ci4_installer/lex_factum_ci4/vendor/codeigniter4/framework/system/Boot.php(444): CodeIgniter\CLI\Console->run()
#12 /home/vismrit/Downloads/lex_factum_ci4_clean_installer/lex_factum_ci4_installer/lex_factum_ci4/vendor/codeigniter4/framework/system/Boot.php(166): CodeIgniter\Boot::runCommand()
#13 /home/vismrit/Downloads/lex_factum_ci4_clean_installer/lex_factum_ci4_installer/lex_factum_ci4/spark(87): CodeIgniter\Boot::bootSpark()
#14 {main}
DEBUG - 2026-09-04 12:47:13 --> Session: Class initialized using 'CodeIgniter\Session\Handlers\FileHandler' driver.
DEBUG - 2026-09-04 12:47:36 --> Session: Class initialized using 'CodeIgniter\Session\Handlers\FileHandler' driver.
DEBUG - 2026-09-04 12:47:36 --> Session: Class initialized using 'CodeIgniter\Session\Handlers\FileHandler' driver.
DEBUG - 2026-09-04 12:49:47 --> Session: Class initialized using 'CodeIgniter\Session\Handlers\FileHandler' driver.
DEBUG - 2026-09-04 12:49:47 --> Session: Class initialized using 'CodeIgniter\Session\Handlers\FileHandler' driver.
DEBUG - 2026-09-04 12:53:53 --> Session: Class initialized using 'CodeIgniter\Session\Handlers\FileHandler' driver.
CRITICAL - 2026-09-04 12:53:55 --> ErrorException: Access level to App\Controllers\Cms::validateData() must be protected (as in class CodeIgniter\Controller) or weaker
[Method: GET, Route: admin/cms]
in APPPATH/Controllers/Cms.php on line 193.
 1 [internal function]: CodeIgniter\Debug\Exceptions->shutdownHandler()
CRITICAL - 2026-09-04 12:54:06 --> ErrorException: Access level to App\Controllers\Cms::validateData() must be protected (as in class CodeIgniter\Controller) or weaker
[Method: GET, Route: admin/cms]
in APPPATH/Controllers/Cms.php on line 193.
 1 [internal function]: CodeIgniter\Debug\Exceptions->shutdownHandler()
CRITICAL - 2026-09-04 12:56:49 --> ErrorException: Declaration of App\Controllers\Cms::validateData(array $data, array $rules): bool must be compatible with CodeIgniter\Controller::validateData(array $data, $rules, array $messages = [], ?string $dbGroup = null): bool
[Method: GET, Route: admin/cms]
in APPPATH/Controllers/Cms.php on line 193.
 1 [internal function]: CodeIgniter\Debug\Exceptions->shutdownHandler()
CRITICAL - 2026-09-04 12:57:33 --> ErrorException: Declaration of App\Controllers\Cms::validateData(array $data, array $rules): bool must be compatible with CodeIgniter\Controller::validateData(array $data, $rules, array $messages = [], ?string $dbGroup = null): bool
[Method: GET, Route: admin/cms]
in APPPATH/Controllers/Cms.php on line 193.
 1 [internal function]: CodeIgniter\Debug\Exceptions->shutdownHandler()
DEBUG - 2026-09-04 13:00:18 --> Session: Class initialized using 'CodeIgniter\Session\Handlers\FileHandler' driver.
DEBUG - 2026-09-04 13:00:23 --> Session: Class initialized using 'CodeIgniter\Session\Handlers\FileHandler' driver.
DEBUG - 2026-09-04 13:00:27 --> Session: Class initialized using 'CodeIgniter\Session\Handlers\FileHandler' driver.
DEBUG - 2026-09-04 13:00:36 --> Session: Class initialized using 'CodeIgniter\Session\Handlers\FileHandler' driver.
DEBUG - 2026-09-04 13:00:38 --> Session: Class initialized using 'CodeIgniter\Session\Handlers\FileHandler' driver.
DEBUG - 2026-09-04 13:03:47 --> Session: Class initialized using 'CodeIgniter\Session\Handlers\FileHandler' driver.
DEBUG - 2026-09-04 13:03:52 --> Session: Class initialized using 'CodeIgniter\Session\Handlers\FileHandler' driver.
DEBUG - 2026-09-04 13:03:56 --> Session: Class initialized using 'CodeIgniter\Session\Handlers\FileHandler' driver.
CRITICAL - 2026-09-04 13:04:29 --> CodeIgniter\HTTP\Exceptions\BadRequestException: The URI you submitted has disallowed characters: "<"
[Method: GET, Route: %3C]
in SYSTEMPATH/Router/Router.php on line 766.
 1 SYSTEMPATH/Router/Router.php(217): CodeIgniter\Router\Router->checkDisallowedChars()
 2 SYSTEMPATH/CodeIgniter.php(852): CodeIgniter\Router\Router->handle()
 3 SYSTEMPATH/CodeIgniter.php(464): CodeIgniter\CodeIgniter->tryToRouteIt()
 4 SYSTEMPATH/CodeIgniter.php(363): CodeIgniter\CodeIgniter->handleRequest()
 5 SYSTEMPATH/Boot.php(417): CodeIgniter\CodeIgniter->run()
 6 SYSTEMPATH/Boot.php(68): CodeIgniter\Boot::runCodeIgniter()
 7 FCPATH/index.php(59): CodeIgniter\Boot::bootWeb()
 8 SYSTEMPATH/rewrite.php(44): require_once('/home/vismrit/Desktop/Lex/public/index.php')
DEBUG - 2026-09-04 13:11:55 --> Session: Class initialized using 'CodeIgniter\Session\Handlers\FileHandler' driver.
DEBUG - 2026-09-04 13:12:08 --> Session: Class initialized using 'CodeIgniter\Session\Handlers\FileHandler' driver.
DEBUG - 2026-09-04 13:28:36 --> Session: Class initialized using 'CodeIgniter\Session\Handlers\FileHandler' driver.
CRITICAL - 2026-09-04 13:28:37 --> CodeIgniter\HTTP\Exceptions\BadRequestException: The URI you submitted has disallowed characters: "<"
[Method: GET, Route: admin/cms/practice-areas/edit/%3C]
in SYSTEMPATH/Router/Router.php on line 766.
 1 SYSTEMPATH/Router/Router.php(217): CodeIgniter\Router\Router->checkDisallowedChars()
 2 SYSTEMPATH/CodeIgniter.php(852): CodeIgniter\Router\Router->handle()
 3 SYSTEMPATH/CodeIgniter.php(464): CodeIgniter\CodeIgniter->tryToRouteIt()
 4 SYSTEMPATH/CodeIgniter.php(363): CodeIgniter\CodeIgniter->handleRequest()
 5 SYSTEMPATH/Boot.php(417): CodeIgniter\CodeIgniter->run()
 6 SYSTEMPATH/Boot.php(68): CodeIgniter\Boot::runCodeIgniter()
 7 FCPATH/index.php(59): CodeIgniter\Boot::bootWeb()
 8 SYSTEMPATH/rewrite.php(44): require_once('/home/vismrit/Desktop/Lex/public/index.php')
DEBUG - 2026-09-04 13:29:07 --> Session: Class initialized using 'CodeIgniter\Session\Handlers\FileHandler' driver.
DEBUG - 2026-09-04 13:29:10 --> Session: Class initialized using 'CodeIgniter\Session\Handlers\FileHandler' driver.
CRITICAL - 2026-09-04 13:29:11 --> CodeIgniter\HTTP\Exceptions\BadRequestException: The URI you submitted has disallowed characters: "<"
[Method: GET, Route: admin/cms/practice-areas/edit/%3C]
in SYSTEMPATH/Router/Router.php on line 766.
 1 SYSTEMPATH/Router/Router.php(217): CodeIgniter\Router\Router->checkDisallowedChars()
 2 SYSTEMPATH/CodeIgniter.php(852): CodeIgniter\Router\Router->handle()
 3 SYSTEMPATH/CodeIgniter.php(464): CodeIgniter\CodeIgniter->tryToRouteIt()
 4 SYSTEMPATH/CodeIgniter.php(363): CodeIgniter\CodeIgniter->handleRequest()
 5 SYSTEMPATH/Boot.php(417): CodeIgniter\CodeIgniter->run()
 6 SYSTEMPATH/Boot.php(68): CodeIgniter\Boot::runCodeIgniter()
 7 FCPATH/index.php(59): CodeIgniter\Boot::bootWeb()
 8 SYSTEMPATH/rewrite.php(44): require_once('/home/vismrit/Desktop/Lex/public/index.php')
DEBUG - 2026-09-04 13:29:12 --> Session: Class initialized using 'CodeIgniter\Session\Handlers\FileHandler' driver.
DEBUG - 2026-09-04 13:29:15 --> Session: Class initialized using 'CodeIgniter\Session\Handlers\FileHandler' driver.
DEBUG - 2026-09-04 13:29:18 --> Session: Class initialized using 'CodeIgniter\Session\Handlers\FileHandler' driver.
DEBUG - 2026-09-04 13:29:20 --> Session: Class initialized using 'CodeIgniter\Session\Handlers\FileHandler' driver.
DEBUG - 2026-09-04 13:42:40 --> Session: Class initialized using 'CodeIgniter\Session\Handlers\FileHandler' driver.
DEBUG - 2026-09-04 13:42:40 --> Session: Class initialized using 'CodeIgniter\Session\Handlers\FileHandler' driver.
DEBUG - 2026-09-04 13:43:03 --> Session: Class initialized using 'CodeIgniter\Session\Handlers\FileHandler' driver.
DEBUG - 2026-09-04 13:43:04 --> Session: Class initialized using 'CodeIgniter\Session\Handlers\FileHandler' driver.
DEBUG - 2026-09-04 13:43:04 --> Session: Class initialized using 'CodeIgniter\Session\Handlers\FileHandler' driver.
DEBUG - 2026-09-04 13:43:07 --> Session: Class initialized using 'CodeIgniter\Session\Handlers\FileHandler' driver.
DEBUG - 2026-09-04 13:43:13 --> Session: Class initialized using 'CodeIgniter\Session\Handlers\FileHandler' driver.
DEBUG - 2026-09-04 13:43:16 --> Session: Class initialized using 'CodeIgniter\Session\Handlers\FileHandler' driver.
DEBUG - 2026-09-04 13:43:22 --> Session: Class initialized using 'CodeIgniter\Session\Handlers\FileHandler' driver.
DEBUG - 2026-09-04 13:47:13 --> Session: Class initialized using 'CodeIgniter\Session\Handlers\FileHandler' driver.
DEBUG - 2026-09-04 13:47:17 --> Session: Class initialized using 'CodeIgniter\Session\Handlers\FileHandler' driver.
DEBUG - 2026-09-04 13:47:20 --> Session: Class initialized using 'CodeIgniter\Session\Handlers\FileHandler' driver.
DEBUG - 2026-09-04 13:47:21 --> Session: Class initialized using 'CodeIgniter\Session\Handlers\FileHandler' driver.
DEBUG - 2026-09-04 13:47:23 --> Session: Class initialized using 'CodeIgniter\Session\Handlers\FileHandler' driver.
DEBUG - 2026-09-04 13:47:25 --> Session: Class initialized using 'CodeIgniter\Session\Handlers\FileHandler' driver.
DEBUG - 2026-09-04 13:55:12 --> Session: Class initialized using 'CodeIgniter\Session\Handlers\FileHandler' driver.
DEBUG - 2026-09-04 13:58:10 --> Session: Class initialized using 'CodeIgniter\Session\Handlers\FileHandler' driver.
DEBUG - 2026-09-04 13:58:12 --> Session: Class initialized using 'CodeIgniter\Session\Handlers\FileHandler' driver.
DEBUG - 2026-09-04 13:58:14 --> Session: Class initialized using 'CodeIgniter\Session\Handlers\FileHandler' driver.
DEBUG - 2026-09-04 13:58:16 --> Session: Class initialized using 'CodeIgniter\Session\Handlers\FileHandler' driver.
CRITICAL - 2026-09-04 13:58:16 --> CodeIgniter\HTTP\Exceptions\BadRequestException: The URI you submitted has disallowed characters: "<"
[Method: GET, Route: admin/cms/practice-areas/edit/%3C]
in SYSTEMPATH/Router/Router.php on line 766.
 1 SYSTEMPATH/Router/Router.php(217): CodeIgniter\Router\Router->checkDisallowedChars()
 2 SYSTEMPATH/CodeIgniter.php(852): CodeIgniter\Router\Router->handle()
 3 SYSTEMPATH/CodeIgniter.php(464): CodeIgniter\CodeIgniter->tryToRouteIt()
 4 SYSTEMPATH/CodeIgniter.php(363): CodeIgniter\CodeIgniter->handleRequest()
 5 SYSTEMPATH/Boot.php(417): CodeIgniter\CodeIgniter->run()
 6 SYSTEMPATH/Boot.php(68): CodeIgniter\Boot::runCodeIgniter()
 7 FCPATH/index.php(59): CodeIgniter\Boot::bootWeb()
 8 SYSTEMPATH/rewrite.php(44): require_once('/home/vismrit/Desktop/Lex/public/index.php')
DEBUG - 2026-09-04 13:58:19 --> Session: Class initialized using 'CodeIgniter\Session\Handlers\FileHandler' driver.
CRITICAL - 2026-09-04 13:59:00 --> CodeIgniter\View\Exceptions\ViewException: Invalid file: "pages/_shell_head.php"
[Method: GET, Route: updates/bns-2023-explained]
in SYSTEMPATH/Exceptions/FrameworkException.php on line 39.
 1 SYSTEMPATH/View/View.php(228): CodeIgniter\Exceptions\FrameworkException::forInvalidFile()
 2 SYSTEMPATH/Common.php(1268): CodeIgniter\View\View->render()
 3 APPPATH/Views/pages/update-detail.php(1): view()
 4 SYSTEMPATH/View/View.php(240): include('/home/vismrit/Desktop/Lex/app/Views/pages/update-detail.php')
 5 SYSTEMPATH/View/View.php(243): CodeIgniter\View\View->{closure:CodeIgniter\View\View::render():237}()
 6 SYSTEMPATH/Common.php(1268): CodeIgniter\View\View->render()
 7 APPPATH/Controllers/Updates.php(31): view()
 8 SYSTEMPATH/CodeIgniter.php(974): App\Controllers\Updates->show()
 9 SYSTEMPATH/CodeIgniter.php(520): CodeIgniter\CodeIgniter->runController()
10 SYSTEMPATH/CodeIgniter.php(363): CodeIgniter\CodeIgniter->handleRequest()
11 SYSTEMPATH/Boot.php(417): CodeIgniter\CodeIgniter->run()
12 SYSTEMPATH/Boot.php(68): CodeIgniter\Boot::runCodeIgniter()
13 FCPATH/index.php(59): CodeIgniter\Boot::bootWeb()
14 SYSTEMPATH/rewrite.php(44): require_once('/home/vismrit/Desktop/Lex/public/index.php')
DEBUG - 2026-09-04 14:04:04 --> Session: Class initialized using 'CodeIgniter\Session\Handlers\FileHandler' driver.
DEBUG - 2026-09-04 14:04:06 --> Session: Class initialized using 'CodeIgniter\Session\Handlers\FileHandler' driver.
DEBUG - 2026-09-04 14:04:17 --> Session: Class initialized using 'CodeIgniter\Session\Handlers\FileHandler' driver.
DEBUG - 2026-09-04 14:04:19 --> Session: Class initialized using 'CodeIgniter\Session\Handlers\FileHandler' driver.
DEBUG - 2026-09-04 14:04:20 --> Session: Class initialized using 'CodeIgniter\Session\Handlers\FileHandler' driver.
DEBUG - 2026-09-04 14:04:23 --> Session: Class initialized using 'CodeIgniter\Session\Handlers\FileHandler' driver.
DEBUG - 2026-09-04 14:04:26 --> Session: Class initialized using 'CodeIgniter\Session\Handlers\FileHandler' driver.
DEBUG - 2026-09-04 14:04:28 --> Session: Class initialized using 'CodeIgniter\Session\Handlers\FileHandler' driver.
DEBUG - 2026-09-04 14:04:35 --> Session: Class initialized using 'CodeIgniter\Session\Handlers\FileHandler' driver.
ERROR - 2026-09-04 14:08:17 --> Error connecting to the database: ErrorException: mysqli::real_connect(): php_network_getaddresses: getaddrinfo for vs.vismrit.tech failed: Temporary failure in name resolution in /home/vismrit/Desktop/Lex/vendor/codeigniter4/framework/system/Database/MySQLi/Connection.php:201
Stack trace:
#0 [internal function]: CodeIgniter\Debug\Exceptions->errorHandler()
#1 /home/vismrit/Desktop/Lex/vendor/codeigniter4/framework/system/Database/MySQLi/Connection.php(201): mysqli->real_connect()
#2 /home/vismrit/Desktop/Lex/vendor/codeigniter4/framework/system/Database/BaseConnection.php(555): CodeIgniter\Database\MySQLi\Connection->connect()
#3 /home/vismrit/Desktop/Lex/vendor/codeigniter4/framework/system/Database/BaseConnection.php(795): CodeIgniter\Database\BaseConnection->initialize()
#4 /home/vismrit/Desktop/Lex/vendor/codeigniter4/framework/system/Database/BaseConnection.php(1706): CodeIgniter\Database\BaseConnection->query()
#5 /home/vismrit/Desktop/Lex/vendor/codeigniter4/framework/system/Database/BaseConnection.php(1726): CodeIgniter\Database\BaseConnection->listTables()
#6 /home/vismrit/Desktop/Lex/vendor/codeigniter4/framework/system/Database/MigrationRunner.php(821): CodeIgniter\Database\BaseConnection->tableExists()
#7 /home/vismrit/Desktop/Lex/vendor/codeigniter4/framework/system/Database/MigrationRunner.php(173): CodeIgniter\Database\MigrationRunner->ensureTable()
#8 /home/vismrit/Desktop/Lex/vendor/codeigniter4/framework/system/Commands/Database/Migrate.php(89): CodeIgniter\Database\MigrationRunner->latest()
#9 /home/vismrit/Desktop/Lex/vendor/codeigniter4/framework/system/CLI/SignalTrait.php(245): CodeIgniter\Commands\Database\Migrate::{closure:CodeIgniter\Commands\Database\Migrate::run():88}()
#10 /home/vismrit/Desktop/Lex/vendor/codeigniter4/framework/system/Commands/Database/Migrate.php(88): CodeIgniter\Commands\Database\Migrate->withSignalsBlocked()
#11 /home/vismrit/Desktop/Lex/vendor/codeigniter4/framework/system/CLI/Commands.php(72): CodeIgniter\Commands\Database\Migrate->run()
#12 /home/vismrit/Desktop/Lex/vendor/codeigniter4/framework/system/CLI/Console.php(47): CodeIgniter\CLI\Commands->run()
#13 /home/vismrit/Desktop/Lex/vendor/codeigniter4/framework/system/Boot.php(444): CodeIgniter\CLI\Console->run()
#14 /home/vismrit/Desktop/Lex/vendor/codeigniter4/framework/system/Boot.php(166): CodeIgniter\Boot::runCommand()
#15 /home/vismrit/Desktop/Lex/spark(87): CodeIgniter\Boot::bootSpark()
#16 {main}

Next mysqli_sql_exception: php_network_getaddresses: getaddrinfo for vs.vismrit.tech failed: Temporary failure in name resolution in /home/vismrit/Desktop/Lex/vendor/codeigniter4/framework/system/Database/MySQLi/Connection.php:201
Stack trace:
#0 /home/vismrit/Desktop/Lex/vendor/codeigniter4/framework/system/Database/MySQLi/Connection.php(201): mysqli->real_connect()
#1 /home/vismrit/Desktop/Lex/vendor/codeigniter4/framework/system/Database/BaseConnection.php(555): CodeIgniter\Database\MySQLi\Connection->connect()
#2 /home/vismrit/Desktop/Lex/vendor/codeigniter4/framework/system/Database/BaseConnection.php(795): CodeIgniter\Database\BaseConnection->initialize()
#3 /home/vismrit/Desktop/Lex/vendor/codeigniter4/framework/system/Database/BaseConnection.php(1706): CodeIgniter\Database\BaseConnection->query()
#4 /home/vismrit/Desktop/Lex/vendor/codeigniter4/framework/system/Database/BaseConnection.php(1726): CodeIgniter\Database\BaseConnection->listTables()
#5 /home/vismrit/Desktop/Lex/vendor/codeigniter4/framework/system/Database/MigrationRunner.php(821): CodeIgniter\Database\BaseConnection->tableExists()
#6 /home/vismrit/Desktop/Lex/vendor/codeigniter4/framework/system/Database/MigrationRunner.php(173): CodeIgniter\Database\MigrationRunner->ensureTable()
#7 /home/vismrit/Desktop/Lex/vendor/codeigniter4/framework/system/Commands/Database/Migrate.php(89): CodeIgniter\Database\MigrationRunner->latest()
#8 /home/vismrit/Desktop/Lex/vendor/codeigniter4/framework/system/CLI/SignalTrait.php(245): CodeIgniter\Commands\Database\Migrate::{closure:CodeIgniter\Commands\Database\Migrate::run():88}()
#9 /home/vismrit/Desktop/Lex/vendor/codeigniter4/framework/system/Commands/Database/Migrate.php(88): CodeIgniter\Commands\Database\Migrate->withSignalsBlocked()
#10 /home/vismrit/Desktop/Lex/vendor/codeigniter4/framework/system/CLI/Commands.php(72): CodeIgniter\Commands\Database\Migrate->run()
#11 /home/vismrit/Desktop/Lex/vendor/codeigniter4/framework/system/CLI/Console.php(47): CodeIgniter\CLI\Commands->run()
#12 /home/vismrit/Desktop/Lex/vendor/codeigniter4/framework/system/Boot.php(444): CodeIgniter\CLI\Console->run()
#13 /home/vismrit/Desktop/Lex/vendor/codeigniter4/framework/system/Boot.php(166): CodeIgniter\Boot::runCommand()
#14 /home/vismrit/Desktop/Lex/spark(87): CodeIgniter\Boot::bootSpark()
#15 {main}

Next CodeIgniter\Database\Exceptions\DatabaseException: php_network_getaddresses: getaddrinfo for vs.vismrit.tech failed: Temporary failure in name resolution in /home/vismrit/Desktop/Lex/vendor/codeigniter4/framework/system/Database/MySQLi/Connection.php:231
Stack trace:
#0 /home/vismrit/Desktop/Lex/vendor/codeigniter4/framework/system/Database/BaseConnection.php(555): CodeIgniter\Database\MySQLi\Connection->connect()
#1 /home/vismrit/Desktop/Lex/vendor/codeigniter4/framework/system/Database/BaseConnection.php(795): CodeIgniter\Database\BaseConnection->initialize()
#2 /home/vismrit/Desktop/Lex/vendor/codeigniter4/framework/system/Database/BaseConnection.php(1706): CodeIgniter\Database\BaseConnection->query()
#3 /home/vismrit/Desktop/Lex/vendor/codeigniter4/framework/system/Database/BaseConnection.php(1726): CodeIgniter\Database\BaseConnection->listTables()
#4 /home/vismrit/Desktop/Lex/vendor/codeigniter4/framework/system/Database/MigrationRunner.php(821): CodeIgniter\Database\BaseConnection->tableExists()
#5 /home/vismrit/Desktop/Lex/vendor/codeigniter4/framework/system/Database/MigrationRunner.php(173): CodeIgniter\Database\MigrationRunner->ensureTable()
#6 /home/vismrit/Desktop/Lex/vendor/codeigniter4/framework/system/Commands/Database/Migrate.php(89): CodeIgniter\Database\MigrationRunner->latest()
#7 /home/vismrit/Desktop/Lex/vendor/codeigniter4/framework/system/CLI/SignalTrait.php(245): CodeIgniter\Commands\Database\Migrate::{closure:CodeIgniter\Commands\Database\Migrate::run():88}()
#8 /home/vismrit/Desktop/Lex/vendor/codeigniter4/framework/system/Commands/Database/Migrate.php(88): CodeIgniter\Commands\Database\Migrate->withSignalsBlocked()
#9 /home/vismrit/Desktop/Lex/vendor/codeigniter4/framework/system/CLI/Commands.php(72): CodeIgniter\Commands\Database\Migrate->run()
#10 /home/vismrit/Desktop/Lex/vendor/codeigniter4/framework/system/CLI/Console.php(47): CodeIgniter\CLI\Commands->run()
#11 /home/vismrit/Desktop/Lex/vendor/codeigniter4/framework/system/Boot.php(444): CodeIgniter\CLI\Console->run()
#12 /home/vismrit/Desktop/Lex/vendor/codeigniter4/framework/system/Boot.php(166): CodeIgniter\Boot::runCommand()
#13 /home/vismrit/Desktop/Lex/spark(87): CodeIgniter\Boot::bootSpark()
#14 {main}
DEBUG - 2026-09-04 14:08:48 --> Session: Class initialized using 'CodeIgniter\Session\Handlers\FileHandler' driver.
DEBUG - 2026-09-04 14:08:51 --> Session: Class initialized using 'CodeIgniter\Session\Handlers\FileHandler' driver.
DEBUG - 2026-09-04 14:08:54 --> Session: Class initialized using 'CodeIgniter\Session\Handlers\FileHandler' driver.
DEBUG - 2026-09-04 14:08:58 --> Session: Class initialized using 'CodeIgniter\Session\Handlers\FileHandler' driver.
DEBUG - 2026-09-04 14:09:04 --> Session: Class initialized using 'CodeIgniter\Session\Handlers\FileHandler' driver.
DEBUG - 2026-09-04 14:09:19 --> Session: Class initialized using 'CodeIgniter\Session\Handlers\FileHandler' driver.
DEBUG - 2026-09-04 19:29:50 --> Session: Class initialized using 'CodeIgniter\Session\Handlers\FileHandler' driver.
DEBUG - 2026-09-04 19:29:50 --> Session: Class initialized using 'CodeIgniter\Session\Handlers\FileHandler' driver.
DEBUG - 2026-09-04 19:30:11 --> Session: Class initialized using 'CodeIgniter\Session\Handlers\FileHandler' driver.
DEBUG - 2026-09-04 19:30:46 --> Session: Class initialized using 'CodeIgniter\Session\Handlers\FileHandler' driver.
DEBUG - 2026-09-04 19:30:46 --> Session: Class initialized using 'CodeIgniter\Session\Handlers\FileHandler' driver.
DEBUG - 2026-09-04 19:30:59 --> Session: Class initialized using 'CodeIgniter\Session\Handlers\FileHandler' driver.
DEBUG - 2026-09-04 19:30:59 --> Session: Class initialized using 'CodeIgniter\Session\Handlers\FileHandler' driver.
DEBUG - 2026-09-04 19:30:59 --> Session: Class initialized using 'CodeIgniter\Session\Handlers\FileHandler' driver.
DEBUG - 2026-09-04 19:31:00 --> Session: Class initialized using 'CodeIgniter\Session\Handlers\FileHandler' driver.
DEBUG - 2026-09-04 19:31:27 --> Session: Class initialized using 'CodeIgniter\Session\Handlers\FileHandler' driver.
DEBUG - 2026-09-04 19:33:53 --> Session: Class initialized using 'CodeIgniter\Session\Handlers\FileHandler' driver.
DEBUG - 2026-09-04 19:34:26 --> Session: Class initialized using 'CodeIgniter\Session\Handlers\FileHandler' driver.
DEBUG - 2026-09-04 19:34:29 --> Session: Class initialized using 'CodeIgniter\Session\Handlers\FileHandler' driver.
DEBUG - 2026-09-04 19:34:31 --> Session: Class initialized using 'CodeIgniter\Session\Handlers\FileHandler' driver.
DEBUG - 2026-09-04 19:34:37 --> Session: Class initialized using 'CodeIgniter\Session\Handlers\FileHandler' driver.
DEBUG - 2026-09-04 19:34:38 --> Session: Class initialized using 'CodeIgniter\Session\Handlers\FileHandler' driver.
DEBUG - 2026-09-04 19:35:05 --> Session: Class initialized using 'CodeIgniter\Session\Handlers\FileHandler' driver.
DEBUG - 2026-09-04 19:35:06 --> Session: Class initialized using 'CodeIgniter\Session\Handlers\FileHandler' driver.
DEBUG - 2026-09-04 19:38:54 --> Session: Class initialized using 'CodeIgniter\Session\Handlers\FileHandler' driver.
DEBUG - 2026-09-04 19:38:57 --> Session: Class initialized using 'CodeIgniter\Session\Handlers\FileHandler' driver.
DEBUG - 2026-09-04 19:38:59 --> Session: Class initialized using 'CodeIgniter\Session\Handlers\FileHandler' driver.
DEBUG - 2026-09-04 19:39:00 --> Session: Class initialized using 'CodeIgniter\Session\Handlers\FileHandler' driver.
DEBUG - 2026-09-04 19:39:04 --> Session: Class initialized using 'CodeIgniter\Session\Handlers\FileHandler' driver.
DEBUG - 2026-09-04 19:40:32 --> Session: Class initialized using 'CodeIgniter\Session\Handlers\FileHandler' driver.
DEBUG - 2026-09-04 19:40:34 --> Session: Class initialized using 'CodeIgniter\Session\Handlers\FileHandler' driver.
DEBUG - 2026-09-04 19:40:35 --> Session: Class initialized using 'CodeIgniter\Session\Handlers\FileHandler' driver.
DEBUG - 2026-09-04 19:40:40 --> Session: Class initialized using 'CodeIgniter\Session\Handlers\FileHandler' driver.
DEBUG - 2026-09-04 19:53:28 --> Session: Class initialized using 'CodeIgniter\Session\Handlers\FileHandler' driver.
DEBUG - 2026-09-04 19:53:31 --> Session: Class initialized using 'CodeIgniter\Session\Handlers\FileHandler' driver.
DEBUG - 2026-09-04 19:53:36 --> Session: Class initialized using 'CodeIgniter\Session\Handlers\FileHandler' driver.
DEBUG - 2026-09-04 19:53:52 --> Session: Class initialized using 'CodeIgniter\Session\Handlers\FileHandler' driver.
DEBUG - 2026-09-04 19:55:47 --> Session: Class initialized using 'CodeIgniter\Session\Handlers\FileHandler' driver.
DEBUG - 2026-09-04 19:55:51 --> Session: Class initialized using 'CodeIgniter\Session\Handlers\FileHandler' driver.
ERROR - 2026-09-04 19:55:51 --> Unknown column 'users.client_id' in 'ON'
in SYSTEMPATH/Database/MySQLi/Connection.php on line 300.
 1 SYSTEMPATH/Database/MySQLi/Connection.php(300): mysqli->query()
 2 SYSTEMPATH/Database/BaseConnection.php(908): CodeIgniter\Database\MySQLi\Connection->execute()
 3 SYSTEMPATH/Database/BaseConnection.php(825): CodeIgniter\Database\BaseConnection->simpleQuery()
 4 SYSTEMPATH/Database/BaseBuilder.php(1659): CodeIgniter\Database\BaseConnection->query()
 5 SYSTEMPATH/Model.php(255): CodeIgniter\Database\BaseBuilder->get()
 6 SYSTEMPATH/BaseModel.php(676): CodeIgniter\Model->doFindAll()
 7 APPPATH/Controllers/Crm.php(30): CodeIgniter\BaseModel->findAll()
 8 SYSTEMPATH/CodeIgniter.php(974): App\Controllers\Crm->clients()
 9 SYSTEMPATH/CodeIgniter.php(520): CodeIgniter\CodeIgniter->runController()
10 SYSTEMPATH/CodeIgniter.php(363): CodeIgniter\CodeIgniter->handleRequest()
11 SYSTEMPATH/Boot.php(417): CodeIgniter\CodeIgniter->run()
12 SYSTEMPATH/Boot.php(68): CodeIgniter\Boot::runCodeIgniter()
13 FCPATH/index.php(59): CodeIgniter\Boot::bootWeb()
14 SYSTEMPATH/rewrite.php(44): require_once('/home/vismrit/Desktop/Lex/public/index.php')
CRITICAL - 2026-09-04 19:55:51 --> CodeIgniter\Database\Exceptions\DatabaseException: Unknown column 'users.client_id' in 'ON'
[Method: GET, Route: admin/crm/clients]
in SYSTEMPATH/Database/BaseConnection.php on line 863.
 1 SYSTEMPATH/Database/BaseBuilder.php(1659): CodeIgniter\Database\BaseConnection->query()
 2 SYSTEMPATH/Model.php(255): CodeIgniter\Database\BaseBuilder->get()
 3 SYSTEMPATH/BaseModel.php(676): CodeIgniter\Model->doFindAll()
 4 APPPATH/Controllers/Crm.php(30): CodeIgniter\BaseModel->findAll()
 5 SYSTEMPATH/CodeIgniter.php(974): App\Controllers\Crm->clients()
 6 SYSTEMPATH/CodeIgniter.php(520): CodeIgniter\CodeIgniter->runController()
 7 SYSTEMPATH/CodeIgniter.php(363): CodeIgniter\CodeIgniter->handleRequest()
 8 SYSTEMPATH/Boot.php(417): CodeIgniter\CodeIgniter->run()
 9 SYSTEMPATH/Boot.php(68): CodeIgniter\Boot::runCodeIgniter()
10 FCPATH/index.php(59): CodeIgniter\Boot::bootWeb()
11 SYSTEMPATH/rewrite.php(44): require_once('/home/vismrit/Desktop/Lex/public/index.php')
CRITICAL - 2026-09-04 19:55:51 --> [Caused by] CodeIgniter\Database\Exceptions\DatabaseException: Unknown column 'users.client_id' in 'ON'
in SYSTEMPATH/Database/MySQLi/Connection.php on line 310.
 1 SYSTEMPATH/Database/BaseConnection.php(908): CodeIgniter\Database\MySQLi\Connection->execute()
 2 SYSTEMPATH/Database/BaseConnection.php(825): CodeIgniter\Database\BaseConnection->simpleQuery()
 3 SYSTEMPATH/Database/BaseBuilder.php(1659): CodeIgniter\Database\BaseConnection->query()
 4 SYSTEMPATH/Model.php(255): CodeIgniter\Database\BaseBuilder->get()
 5 SYSTEMPATH/BaseModel.php(676): CodeIgniter\Model->doFindAll()
 6 APPPATH/Controllers/Crm.php(30): CodeIgniter\BaseModel->findAll()
 7 SYSTEMPATH/CodeIgniter.php(974): App\Controllers\Crm->clients()
 8 SYSTEMPATH/CodeIgniter.php(520): CodeIgniter\CodeIgniter->runController()
 9 SYSTEMPATH/CodeIgniter.php(363): CodeIgniter\CodeIgniter->handleRequest()
10 SYSTEMPATH/Boot.php(417): CodeIgniter\CodeIgniter->run()
11 SYSTEMPATH/Boot.php(68): CodeIgniter\Boot::runCodeIgniter()
12 FCPATH/index.php(59): CodeIgniter\Boot::bootWeb()
13 SYSTEMPATH/rewrite.php(44): require_once('/home/vismrit/Desktop/Lex/public/index.php')
CRITICAL - 2026-09-04 19:55:51 --> [Caused by] mysqli_sql_exception: Unknown column 'users.client_id' in 'ON'
in SYSTEMPATH/Database/MySQLi/Connection.php on line 300.
 1 SYSTEMPATH/Database/MySQLi/Connection.php(300): mysqli->query()
 2 SYSTEMPATH/Database/BaseConnection.php(908): CodeIgniter\Database\MySQLi\Connection->execute()
 3 SYSTEMPATH/Database/BaseConnection.php(825): CodeIgniter\Database\BaseConnection->simpleQuery()
 4 SYSTEMPATH/Database/BaseBuilder.php(1659): CodeIgniter\Database\BaseConnection->query()
 5 SYSTEMPATH/Model.php(255): CodeIgniter\Database\BaseBuilder->get()
 6 SYSTEMPATH/BaseModel.php(676): CodeIgniter\Model->doFindAll()
 7 APPPATH/Controllers/Crm.php(30): CodeIgniter\BaseModel->findAll()
 8 SYSTEMPATH/CodeIgniter.php(974): App\Controllers\Crm->clients()
 9 SYSTEMPATH/CodeIgniter.php(520): CodeIgniter\CodeIgniter->runController()
10 SYSTEMPATH/CodeIgniter.php(363): CodeIgniter\CodeIgniter->handleRequest()
11 SYSTEMPATH/Boot.php(417): CodeIgniter\CodeIgniter->run()
12 SYSTEMPATH/Boot.php(68): CodeIgniter\Boot::runCodeIgniter()
13 FCPATH/index.php(59): CodeIgniter\Boot::bootWeb()
14 SYSTEMPATH/rewrite.php(44): require_once('/home/vismrit/Desktop/Lex/public/index.php')
DEBUG - 2026-09-04 19:56:02 --> Session: Class initialized using 'CodeIgniter\Session\Handlers\FileHandler' driver.
DEBUG - 2026-09-04 19:56:09 --> Session: Class initialized using 'CodeIgniter\Session\Handlers\FileHandler' driver.
DEBUG - 2026-09-04 19:56:14 --> Session: Class initialized using 'CodeIgniter\Session\Handlers\FileHandler' driver.
DEBUG - 2026-09-04 19:56:18 --> Session: Class initialized using 'CodeIgniter\Session\Handlers\FileHandler' driver.
DEBUG - 2026-09-04 19:56:18 --> Session: Class initialized using 'CodeIgniter\Session\Handlers\FileHandler' driver.
DEBUG - 2026-09-04 20:04:14 --> Session: Class initialized using 'CodeIgniter\Session\Handlers\FileHandler' driver.
DEBUG - 2026-09-04 23:42:50 --> Session: Class initialized using 'CodeIgniter\Session\Handlers\FileHandler' driver.
DEBUG - 2026-09-04 23:42:50 --> Session: Class initialized using 'CodeIgniter\Session\Handlers\FileHandler' driver.
